Found some non-integer element in rotation matrix
