echo test successful
2021-01-08 14:10:25,102 INFO Hostname/IP lookup (this will take a few seconds)
2021-01-08 14:10:25,104 INFO Launching Rocket
2021-01-08 14:10:26,614 INFO RUNNING fw_id: 831452 in directory: /clusterfs/mp/ewcspottesmith/data/ts_testing/20210108_misc_ts/block_2021-01-08-16-49-51-352937/launcher_2021-01-08-18-51-59-820767
2021-01-08 14:10:26,650 INFO Task started: {{atomate.qchem.firetasks.write_inputs.WriteInputFromIOSet}}.
2021-01-08 14:10:26,653 INFO Task completed: {{atomate.qchem.firetasks.write_inputs.WriteInputFromIOSet}} 
2021-01-08 14:10:26,662 INFO Task started: {{atomate.qchem.firetasks.run_calc.RunQChemCustodian}}.
