 Entering Gaussian System, Link 0=g16
 Initial command:
 /gpfs/software/gaussian/g16/l1.exe "/gpfs/scratch/ratwi/tests/Custodian/cycles/algorithm/dme/Optimization/Gau-1287.inp" -scrdir="/gpfs/scratch/ratwi/tests/Custodian/cycles/algorithm/dme/Optimization/"
 Entering Link 1 = /gpfs/software/gaussian/g16/l1.exe PID=      1288.
  
 Copyright (c) 1988-2019, Gaussian, Inc.  All Rights Reserved.
  
 This is part of the Gaussian(R) 16 program.  It is based on
 the Gaussian(R) 09 system (copyright 2009, Gaussian, Inc.),
 the Gaussian(R) 03 system (copyright 2003, Gaussian, Inc.),
 the Gaussian(R) 98 system (copyright 1998, Gaussian, Inc.),
 the Gaussian(R) 94 system (copyright 1995, Gaussian, Inc.),
 the Gaussian 92(TM) system (copyright 1992, Gaussian, Inc.),
 the Gaussian 90(TM) system (copyright 1990, Gaussian, Inc.),
 the Gaussian 88(TM) system (copyright 1988, Gaussian, Inc.),
 the Gaussian 86(TM) system (copyright 1986, Carnegie Mellon
 University), and the Gaussian 82(TM) system (copyright 1983,
 Carnegie Mellon University). Gaussian is a federally registered
 trademark of Gaussian, Inc.
  
 This software contains proprietary and confidential information,
 including trade secrets, belonging to Gaussian, Inc.
  
 This software is provided under written license and may be
 used, copied, transmitted, or stored only in accord with that
 written license.
  
 The following legend is applicable only to US Government
 contracts under FAR:
  
                    RESTRICTED RIGHTS LEGEND
  
 Use, reproduction and disclosure by the US Government is
 subject to restrictions as set forth in subparagraphs (a)
 and (c) of the Commercial Computer Software - Restricted
 Rights clause in FAR 52.227-19.
  
 Gaussian, Inc.
 340 Quinnipiac St., Bldg. 40, Wallingford CT 06492
  
  
 ---------------------------------------------------------------
 Warning -- This program may not be used in any manner that
 competes with the business of Gaussian, Inc. or will provide
 assistance to any competitor of Gaussian, Inc.  The licensee
 of this program is prohibited from giving any competitor of
 Gaussian, Inc. access to this program.  By using this program,
 the user acknowledges that Gaussian, Inc. is engaged in the
 business of creating and licensing software in the field of
 computational chemistry and represents and warrants to the
 licensee that it is not a competitor of Gaussian, Inc. and that
 it will not use this program in any manner prohibited above.
 ---------------------------------------------------------------
  

 Cite this work as:
 Gaussian 16, Revision C.01,
 M. J. Frisch, G. W. Trucks, H. B. Schlegel, G. E. Scuseria, 
 M. A. Robb, J. R. Cheeseman, G. Scalmani, V. Barone, 
 G. A. Petersson, H. Nakatsuji, X. Li, M. Caricato, A. V. Marenich, 
 J. Bloino, B. G. Janesko, R. Gomperts, B. Mennucci, H. P. Hratchian, 
 J. V. Ortiz, A. F. Izmaylov, J. L. Sonnenberg, D. Williams-Young, 
 F. Ding, F. Lipparini, F. Egidi, J. Goings, B. Peng, A. Petrone, 
 T. Henderson, D. Ranasinghe, V. G. Zakrzewski, J. Gao, N. Rega, 
 G. Zheng, W. Liang, M. Hada, M. Ehara, K. Toyota, R. Fukuda, 
 J. Hasegawa, M. Ishida, T. Nakajima, Y. Honda, O. Kitao, H. Nakai, 
 T. Vreven, K. Throssell, J. A. Montgomery, Jr., J. E. Peralta, 
 F. Ogliaro, M. J. Bearpark, J. J. Heyd, E. N. Brothers, K. N. Kudin, 
 V. N. Staroverov, T. A. Keith, R. Kobayashi, J. Normand, 
 K. Raghavachari, A. P. Rendell, J. C. Burant, S. S. Iyengar, 
 J. Tomasi, M. Cossi, J. M. Millam, M. Klene, C. Adamo, R. Cammi, 
 J. W. Ochterski, R. L. Martin, K. Morokuma, O. Farkas, 
 J. B. Foresman, and D. J. Fox, Gaussian, Inc., Wallingford CT, 2019.
 
 ******************************************
 Gaussian 16:  ES64L-G16RevC.01  3-Jul-2019
                22-Mar-2024 
 ******************************************
 %chk=Optimization.chk
 %mem=48GB
 %NProcShared=28
 Will use up to   28 processors via shared memory.
 ---------------------------------------
 #P PBE1PBE/6-31+G* Opt SCF=(MaxCycle=1)
 ---------------------------------------
 1/18=20,19=15,26=3,38=1/1,3;
 2/9=110,12=2,17=6,18=5,40=1/2;
 3/5=1,6=6,7=11,11=2,25=1,30=1,71=1,74=-13/1,2,3;
 4//1;
 5/5=2,7=1,38=5/2;
 6/7=2,8=2,9=2,10=2,28=1/1;
 7//1,2,3,16;
 1/18=20,19=15,26=3/3(2);
 2/9=110/2;
 99//99;
 2/9=110/2;
 3/5=1,6=6,7=11,11=2,25=1,30=1,71=1,74=-13/1,2,3;
 4/5=5,16=3,69=1/1;
 5/5=2,7=1,38=5/2;
 7//1,2,3,16;
 1/18=20,19=15,26=3/3(-5);
 2/9=110/2;
 6/7=2,8=2,9=2,10=2,19=2,28=1/1;
 99/9=1/99;
 Leave Link    1 at Fri Mar 22 03:52:37 2024, MaxMem=  6442450944 cpu:               3.8 elap:               0.2
 (Enter /gpfs/software/gaussian/g16/l101.exe)
 ---------
 H10 C4 O2
 ---------
 Symbolic Z-matrix:
 Charge =  0 Multiplicity = 1
 O                    -1.678    -0.723     0.319 
 C                    -2.188    -1.963     0.789 
 C                    -0.258    -0.683     0.309 
 C                     0.152     0.687    -0.221 
 O                     1.572     0.727    -0.231 
 C                     2.092     1.957    -0.701 
 H                    -1.482    -1.948     1.593 
 H                    -1.768    -2.882     0.437 
 H                     0.142    -1.473    -0.351 
 H                     0.142    -0.833     1.319 
 H                    -0.248     1.477     0.439 
 H                    -0.248     0.837    -1.231 
 H                     1.751     2.752    -0.072 
 H                     1.757     2.126    -1.703 
 H                     3.161     1.922    -0.684 
 H                    -2.894    -1.978    -0.015 
 
 ITRead=  0  0  0  0  0  0  0  0  0  0  0  0  0  0  0  0
 MicOpt= -1 -1 -1 -1 -1 -1 -1 -1 -1 -1 -1 -1 -1 -1 -1 -1
 NAtoms=     16 NQM=       16 NQMF=       0 NMMI=      0 NMMIF=      0
                NMic=       0 NMicF=      0.
                    Isotopes and Nuclear Properties:
 (Nuclear quadrupole moments (NQMom) in fm**2, nuclear magnetic moments (NMagM)
  in nuclear magnetons)

  Atom         1           2           3           4           5           6           7           8           9          10
 IAtWgt=          16          12          12          12          16          12           1           1           1           1
 AtmWgt=  15.9949146  12.0000000  12.0000000  12.0000000  15.9949146  12.0000000   1.0078250   1.0078250   1.0078250   1.0078250
 NucSpn=           0           0           0           0           0           0           1           1           1           1
 AtZEff=  -0.0000000  -0.0000000  -0.0000000  -0.0000000  -0.0000000  -0.0000000  -0.0000000  -0.0000000  -0.0000000  -0.0000000
 NQMom=    0.0000000   0.0000000   0.0000000   0.0000000   0.0000000   0.0000000   0.0000000   0.0000000   0.0000000   0.0000000
 NMagM=    0.0000000   0.0000000   0.0000000   0.0000000   0.0000000   0.0000000   2.7928460   2.7928460   2.7928460   2.7928460
 AtZNuc=   8.0000000   6.0000000   6.0000000   6.0000000   8.0000000   6.0000000   1.0000000   1.0000000   1.0000000   1.0000000

  Atom        11          12          13          14          15          16
 IAtWgt=           1           1           1           1           1           1
 AtmWgt=   1.0078250   1.0078250   1.0078250   1.0078250   1.0078250   1.0078250
 NucSpn=           1           1           1           1           1           1
 AtZEff=  -0.0000000  -0.0000000  -0.0000000  -0.0000000  -0.0000000  -0.0000000
 NQMom=    0.0000000   0.0000000   0.0000000   0.0000000   0.0000000   0.0000000
 NMagM=    2.7928460   2.7928460   2.7928460   2.7928460   2.7928460   2.7928460
 AtZNuc=   1.0000000   1.0000000   1.0000000   1.0000000   1.0000000   1.0000000
 Leave Link  101 at Fri Mar 22 03:52:38 2024, MaxMem=  6442450944 cpu:              11.0 elap:               0.5
 (Enter /gpfs/software/gaussian/g16/l103.exe)

 GradGradGradGradGradGradGradGradGradGradGradGradGradGradGradGradGradGrad
 Berny optimization.
 Initialization pass.
                           ----------------------------
                           !    Initial Parameters    !
                           ! (Angstroms and Degrees)  !
 --------------------------                            --------------------------
 ! Name  Definition              Value          Derivative Info.                !
 --------------------------------------------------------------------------------
 ! R1    R(1,2)                  1.4208         estimate D2E/DX2                !
 ! R2    R(1,3)                  1.4206         estimate D2E/DX2                !
 ! R3    R(2,7)                  1.0701         estimate D2E/DX2                !
 ! R4    R(2,8)                  1.07           estimate D2E/DX2                !
 ! R5    R(2,16)                 1.0701         estimate D2E/DX2                !
 ! R6    R(3,4)                  1.5251         estimate D2E/DX2                !
 ! R7    R(3,9)                  1.1044         estimate D2E/DX2                !
 ! R8    R(3,10)                 1.0966         estimate D2E/DX2                !
 ! R9    R(4,5)                  1.4206         estimate D2E/DX2                !
 ! R10   R(4,11)                 1.1044         estimate D2E/DX2                !
 ! R11   R(4,12)                 1.0966         estimate D2E/DX2                !
 ! R12   R(5,6)                  1.4157         estimate D2E/DX2                !
 ! R13   R(6,13)                 1.0696         estimate D2E/DX2                !
 ! R14   R(6,14)                 1.0699         estimate D2E/DX2                !
 ! R15   R(6,15)                 1.0697         estimate D2E/DX2                !
 ! A1    A(2,1,3)              112.6879         estimate D2E/DX2                !
 ! A2    A(1,2,7)               89.9706         estimate D2E/DX2                !
 ! A3    A(1,2,8)              119.992          estimate D2E/DX2                !
 ! A4    A(1,2,16)              90.0294         estimate D2E/DX2                !
 ! A5    A(7,2,8)               90.0137         estimate D2E/DX2                !
 ! A6    A(8,2,16)              89.9863         estimate D2E/DX2                !
 ! A7    A(1,3,4)              107.2453         estimate D2E/DX2                !
 ! A8    A(1,3,9)              110.249          estimate D2E/DX2                !
 ! A9    A(1,3,10)             110.7484         estimate D2E/DX2                !
 ! A10   A(4,3,9)              109.7263         estimate D2E/DX2                !
 ! A11   A(4,3,10)             110.1745         estimate D2E/DX2                !
 ! A12   A(9,3,10)             108.69           estimate D2E/DX2                !
 ! A13   A(3,4,5)              107.2453         estimate D2E/DX2                !
 ! A14   A(3,4,11)             109.7263         estimate D2E/DX2                !
 ! A15   A(3,4,12)             110.1745         estimate D2E/DX2                !
 ! A16   A(5,4,11)             110.249          estimate D2E/DX2                !
 ! A17   A(5,4,12)             110.7484         estimate D2E/DX2                !
 ! A18   A(11,4,12)            108.69           estimate D2E/DX2                !
 ! A19   A(4,5,6)              113.2009         estimate D2E/DX2                !
 ! A20   A(5,6,13)             109.4784         estimate D2E/DX2                !
 ! A21   A(5,6,14)             109.4593         estimate D2E/DX2                !
 ! A22   A(5,6,15)             109.4731         estimate D2E/DX2                !
 ! A23   A(13,6,14)            109.4825         estimate D2E/DX2                !
 ! A24   A(13,6,15)            109.4867         estimate D2E/DX2                !
 ! A25   A(14,6,15)            109.4475         estimate D2E/DX2                !
 ! A26   L(7,2,16,1,-1)        180.0            estimate D2E/DX2                !
 ! A27   L(7,2,16,1,-2)        180.0            estimate D2E/DX2                !
 ! D1    D(3,1,2,7)             44.8239         estimate D2E/DX2                !
 ! D2    D(3,1,2,8)            -45.1749         estimate D2E/DX2                !
 ! D3    D(3,1,2,16)          -135.1761         estimate D2E/DX2                !
 ! D4    D(2,1,3,4)            179.6264         estimate D2E/DX2                !
 ! D5    D(2,1,3,9)             60.2063         estimate D2E/DX2                !
 ! D6    D(2,1,3,10)           -60.1247         estimate D2E/DX2                !
 ! D7    D(1,3,4,5)            180.0            estimate D2E/DX2                !
 ! D8    D(1,3,4,11)            60.2451         estimate D2E/DX2                !
 ! D9    D(1,3,4,12)           -59.3866         estimate D2E/DX2                !
 ! D10   D(9,3,4,5)            -60.2451         estimate D2E/DX2                !
 ! D11   D(9,3,4,11)           180.0            estimate D2E/DX2                !
 ! D12   D(9,3,4,12)            60.3683         estimate D2E/DX2                !
 ! D13   D(10,3,4,5)            59.3866         estimate D2E/DX2                !
 ! D14   D(10,3,4,11)          -60.3683         estimate D2E/DX2                !
 ! D15   D(10,3,4,12)          180.0            estimate D2E/DX2                !
 ! D16   D(3,4,5,6)           -179.7845         estimate D2E/DX2                !
 ! D17   D(11,4,5,6)           -60.3645         estimate D2E/DX2                !
 ! D18   D(12,4,5,6)            59.9666         estimate D2E/DX2                !
 ! D19   D(4,5,6,13)            59.9998         estimate D2E/DX2                !
 ! D20   D(4,5,6,14)           -60.0111         estimate D2E/DX2                !
 ! D21   D(4,5,6,15)          -179.9758         estimate D2E/DX2                !
 --------------------------------------------------------------------------------
 Trust Radius=3.00D-01 FncErr=1.00D-07 GrdErr=1.00D-06 EigMax=2.50D+02 EigMin=1.00D-04
 Number of steps in this run=     73 maximum allowed number of steps=    100.
 GradGradGradGradGradGradGradGradGradGradGradGradGradGradGradGradGradGrad

 Leave Link  103 at Fri Mar 22 03:52:38 2024, MaxMem=  6442450944 cpu:               0.4 elap:               0.0
 (Enter /gpfs/software/gaussian/g16/l202.exe)
                          Input orientation:                          
 ---------------------------------------------------------------------
 Center     Atomic      Atomic             Coordinates (Angstroms)
 Number     Number       Type             X           Y           Z
 ---------------------------------------------------------------------
      1          8           0       -1.678000   -0.723000    0.319000
      2          6           0       -2.188000   -1.963000    0.789000
      3          6           0       -0.258000   -0.683000    0.309000
      4          6           0        0.152000    0.687000   -0.221000
      5          8           0        1.572000    0.727000   -0.231000
      6          6           0        2.092000    1.957000   -0.701000
      7          1           0       -1.482000   -1.948000    1.593000
      8          1           0       -1.768000   -2.882000    0.437000
      9          1           0        0.142000   -1.473000   -0.351000
     10          1           0        0.142000   -0.833000    1.319000
     11          1           0       -0.248000    1.477000    0.439000
     12          1           0       -0.248000    0.837000   -1.231000
     13          1           0        1.751000    2.752000   -0.072000
     14          1           0        1.757000    2.126000   -1.703000
     15          1           0        3.161000    1.922000   -0.684000
     16          1           0       -2.894000   -1.978000   -0.015000
 ---------------------------------------------------------------------
                    Distance matrix (angstroms):
                    1          2          3          4          5
     1  O    0.000000
     2  C    1.420774   0.000000
     3  C    1.420598   2.365100   0.000000
     4  C    2.372467   3.676710   1.525090   0.000000
     5  O    3.601042   4.734353   2.372467   1.420598   0.000000
     6  C    4.736634   5.992070   3.675894   2.367889   1.415698
     7  H    1.778234   1.070083   2.178774   3.592183   4.450788
     8  H    2.164094   1.069984   2.670596   4.105743   4.962530
     9  H    2.079375   2.639811   1.104400   2.163932   2.626652
    10  H    2.079543   2.643237   1.096631   2.163816   2.623166
    11  H    2.626652   3.964808   2.163932   1.104400   2.079375
    12  H    2.623166   3.960303   2.163816   1.096631   2.079543
    13  H    4.897606   6.203891   3.997558   2.615956   2.039104
    14  H    4.899440   6.204274   3.999856   2.615926   2.039169
    15  H    5.605172   6.773091   4.411534   3.285373   2.039155
    16  H    1.779111   1.070083   2.954741   4.052503   5.225786
                    6          7          8          9         10
     6  C    0.000000
     7  H    5.769310   0.000000
     8  H    6.293692   1.513436   0.000000
     9  H    3.961048   2.577234   2.500865   0.000000
    10  H    3.958156   1.988888   2.936737   1.788435   0.000000
    11  H    2.646809   3.819044   4.616415   3.078750   2.502519
    12  H    2.647810   4.153788   4.350125   2.502519   3.073028
    13  H    1.069555   5.942602   6.662162   4.529608   4.168451
    14  H    1.069949   6.160537   6.487318   4.170004   4.527294
    15  H    1.069708   6.459031   6.973528   4.555357   4.551527
    16  H    6.388663   2.140165   1.513075   3.096000   3.508258
                   11         12         13         14         15
    11  H    0.000000
    12  H    1.788435   0.000000
    13  H    2.425437   3.001084   0.000000
    14  H    3.004894   2.429883   1.747018   0.000000
    15  H    3.616688   3.619077   1.746867   1.746766   0.000000
    16  H    4.375438   4.050210   6.629644   6.428372   7.233297
                   16
    16  H    0.000000
 Stoichiometry    C4H10O2
 Framework group  C1[X(C4H10O2)]
 Deg. of freedom    42
 Full point group                 C1      NOp   1
 Largest Abelian subgroup         C1      NOp   1
 Largest concise Abelian subgroup C1      NOp   1
                         Standard orientation:                         
 ---------------------------------------------------------------------
 Center     Atomic      Atomic             Coordinates (Angstroms)
 Number     Number       Type             X           Y           Z
 ---------------------------------------------------------------------
      1          8           0        1.736976   -0.534187    0.064240
      2          6           0        3.009247    0.097831    0.042327
      3          6           0        0.663054    0.393785    0.003740
      4          6           0       -0.631990   -0.411383    0.025282
      5          8           0       -1.705912    0.516589   -0.035218
      6          6           0       -2.979189   -0.102003   -0.017636
      7          1           0        2.663753    0.816817    0.755607
      8          1           0        3.203813    0.884304   -0.656579
      9          1           0        0.719727    0.983764   -0.928147
     10          1           0        0.695168    1.081346    0.857455
     11          1           0       -0.688663   -1.001361    0.957169
     12          1           0       -0.664104   -1.098943   -0.828433
     13          1           0       -3.089613   -0.665271    0.884851
     14          1           0       -3.069446   -0.755895   -0.859699
     15          1           0       -3.740614    0.647794   -0.065730
     16          1           0        3.354741   -0.621156   -0.670953
 ---------------------------------------------------------------------
 Rotational constants (GHZ):          18.8550093           1.2941038           1.2487910
 Leave Link  202 at Fri Mar 22 03:52:38 2024, MaxMem=  6442450944 cpu:               0.7 elap:               0.1
 (Enter /gpfs/software/gaussian/g16/l301.exe)
 Standard basis: 6-31+G(d) (6D, 7F)
 Ernie: Thresh=  0.10000D-02 Tol=  0.10000D-05 Strict=F.
 There are   134 symmetry adapted cartesian basis functions of A   symmetry.
 There are   134 symmetry adapted basis functions of A   symmetry.
   134 basis functions,   232 primitive gaussians,   134 cartesian basis functions
    25 alpha electrons       25 beta electrons
       nuclear repulsion energy       253.7118708210 Hartrees.
 IExCor= 1009 DFT=T Ex+Corr=PBE1PBE ExCW=0 ScaHFX=  0.250000
 ScaDFX=  0.750000  0.750000  1.000000  1.000000 ScalE2=  1.000000  1.000000
 IRadAn=      5 IRanWt=     -1 IRanGd=            0 ICorTp=0 IEmpDi=  4
 NAtoms=   16 NActive=   16 NUniq=   16 SFac= 1.00D+00 NAtFMM=   60 NAOKFM=F Big=F
 Integral buffers will be    131072 words long.
 Raffenetti 2 integral format.
 Two-electron integral symmetry is turned on.
 Leave Link  301 at Fri Mar 22 03:52:38 2024, MaxMem=  6442450944 cpu:               2.1 elap:               0.1
 (Enter /gpfs/software/gaussian/g16/l302.exe)
 NPDir=0 NMtPBC=     1 NCelOv=     1 NCel=       1 NClECP=     1 NCelD=      1
         NCelK=      1 NCelE2=     1 NClLst=     1 CellRange=     0.0.
 One-electron integrals computed using PRISM.
 One-electron integral symmetry used in STVInt
 NBasis=   134 RedAO= T EigKep=  7.16D-05  NBF=   134
 NBsUse=   134 1.00D-06 EigRej= -1.00D+00 NBFU=   134
 Precomputing XC quadrature grid using
 IXCGrd= 4 IRadAn=           5 IRanWt=          -1 IRanGd=           0 AccXCQ= 0.00D+00.
 Generated NRdTot=       0 NPtTot=           0 NUsed=           0 NTot=          32
 NSgBfM=   134   134   134   134   134 MxSgAt=    16 MxSgA2=    16.
 Leave Link  302 at Fri Mar 22 03:52:38 2024, MaxMem=  6442450944 cpu:               6.1 elap:               0.3
 (Enter /gpfs/software/gaussian/g16/l303.exe)
 DipDrv:  MaxL=1.
 Leave Link  303 at Fri Mar 22 03:52:38 2024, MaxMem=  6442450944 cpu:               0.9 elap:               0.1
 (Enter /gpfs/software/gaussian/g16/l401.exe)
 ExpMin= 4.38D-02 ExpMax= 5.48D+03 ExpMxC= 8.25D+02 IAcc=3 IRadAn=         5 AccDes= 0.00D+00
 Harris functional with IExCor= 1009 and IRadAn=       5 diagonalized for initial guess.
 HarFok:  IExCor= 1009 AccDes= 0.00D+00 IRadAn=         5 IDoV= 1 UseB2=F ITyADJ=14
 ICtDFT=  3500011 ScaDFX=  1.000000  1.000000  1.000000  1.000000
 FoFCou: FMM=F IPFlag=           0 FMFlag=      100000 FMFlg1=           0
         NFxFlg=           0 DoJE=T BraDBF=F KetDBF=T FulRan=T
         wScrn=  0.000000 ICntrl=       500 IOpCl=  0 I1Cent=   200000004 NGrid=           0
         NMat0=    1 NMatS0=      1 NMatT0=    0 NMatD0=    1 NMtDS0=    0 NMtDT0=    0
 Petite list used in FoFCou.
 Harris En= -308.476170721054    
 JPrj=0 DoOrth=F DoCkMO=F.
 Leave Link  401 at Fri Mar 22 03:52:39 2024, MaxMem=  6442450944 cpu:              11.1 elap:               0.5
 (Enter /gpfs/software/gaussian/g16/l502.exe)
 Integral symmetry usage will be decided dynamically.
 Closed shell SCF:
 NGot=  6442450944 LenX=  6442409376 LenY=  6442391286
 Requested convergence on RMS density matrix=1.00D-08 within   1 cycles.
 Requested convergence on MAX density matrix=1.00D-06.
 Requested convergence on             energy=1.00D-06.
 No special actions if energy rises.
 Fock matrices will be formed incrementally for   1 cycles.

 Cycle   1  Pass 1  IDiag  1:
 FoFJK:  IHMeth= 1 ICntrl=       0 DoSepK=F KAlg= 0 I1Cent=           0 FoldK=F
 IRaf= 950000000 NMat=       1 IRICut=       1 DoRegI=T DoRafI=F ISym2E= 0 IDoP0=0 IntGTp=1.
 FoFCou: FMM=F IPFlag=           0 FMFlag=      100000 FMFlg1=           0
         NFxFlg=           0 DoJE=F BraDBF=F KetDBF=F FulRan=T
         wScrn=  0.000000 ICntrl=         0 IOpCl=  0 I1Cent=           0 NGrid=           0
         NMat0=    1 NMatS0=      1 NMatT0=    0 NMatD0=    1 NMtDS0=    0 NMtDT0=    0
 Symmetry not used in FoFCou.
 E= -308.254664650265    
 Gap=     0.249 Goal=   None    Shift=    0.000
 RMSDP=6.30D-03 MaxDP=1.17D-01              OVMax= 1.54D-01

 >>>>>>>>>> Convergence criterion not met.
 SCF Done:  E(RPBE1PBE) =  -308.254664650     A.U. after    2 cycles
            NFock=  1  Conv=0.63D-02     -V/T= 2.0191
 KE= 3.024695018617D+02 PE=-1.229670417727D+03 EE= 3.652343803944D+02
 Convergence failure -- run terminated.
 Error termination via Lnk1e in /gpfs/software/gaussian/g16/l502.exe at Fri Mar 22 03:52:39 2024.
 Job cpu time:       0 days  0 hours  0 minutes 48.4 seconds.
 Elapsed time:       0 days  0 hours  0 minutes  2.1 seconds.
 File lengths (MBytes):  RWF=    136 Int=      0 D2E=      0 Chk=     16 Scr=     16
