foobar
2018-07-08 20:33:26,252 INFO Hostname/IP lookup (this will take a few seconds)
2018-07-08 20:33:26,253 INFO Launching Rocket
2018-07-08 20:33:29,002 INFO RUNNING fw_id: 1652 in directory: /scratch2/scratchdirs/sblau/fragment_wf/block_2018-07-04-03-30-43-540608/launcher_2018-07-09-03-32-28-071648
2018-07-08 20:33:29,025 INFO Task started: {{atomate.qchem.firetasks.write_inputs.WriteInputFromIOSet}}.
2018-07-08 20:33:29,033 INFO Task completed: {{atomate.qchem.firetasks.write_inputs.WriteInputFromIOSet}} 
2018-07-08 20:33:29,035 INFO Task started: {{atomate.qchem.firetasks.run_calc.RunQChemCustodian}}.
