foobar
2018-07-11 18:22:02,681 INFO Hostname/IP lookup (this will take a few seconds)
2018-07-11 18:22:02,684 INFO Launching Rocket
2018-07-11 18:22:11,159 INFO RUNNING fw_id: 2564 in directory: /scratch2/scratchdirs/sblau/fragment_wf/block_2018-07-09-23-50-25-765742/launcher_2018-07-12-01-21-14-704179
2018-07-11 18:22:11,183 INFO Task started: {{atomate.qchem.firetasks.write_inputs.WriteInputFromIOSet}}.
2018-07-11 18:22:11,191 INFO Task completed: {{atomate.qchem.firetasks.write_inputs.WriteInputFromIOSet}} 
2018-07-11 18:22:11,194 INFO Task started: {{atomate.qchem.firetasks.run_calc.RunQChemCustodian}}.
